// Jest Snapshot v1, https://goo.gl/fbAQLP

exports[`Home renders 1`] = `
{
  "asFragment": [Function],
  "baseElement": <body>
    <div>
      <div
        class="home"
      >
        <div
          class="home__content"
        >
          <h1>
            Bren Murrell
          </h1>
          <h2>
            Senior Front-End Developer
          </h2>
          <h2>
            Accessibility Advocate
          </h2>
          <h2>
            Grower of people
          </h2>
          <h2>
            Your next hire.
          </h2>
        </div>
      </div>
    </div>
  </body>,
  "container": <div>
    <div
      class="home"
    >
      <div
        class="home__content"
      >
        <h1>
          Bren Murrell
        </h1>
        <h2>
          Senior Front-End Developer
        </h2>
        <h2>
          Accessibility Advocate
        </h2>
        <h2>
          Grower of people
        </h2>
        <h2>
          Your next hire.
        </h2>
      </div>
    </div>
  </div>,
  "debug": [Function],
  "findAllByAltText": [Function],
  "findAllByDisplayValue": [Function],
  "findAllByLabelText": [Function],
  "findAllByPlaceholderText": [Function],
  "findAllByRole": [Function],
  "findAllByTestId": [Function],
  "findAllByText": [Function],
  "findAllByTitle": [Function],
  "findByAltText": [Function],
  "findByDisplayValue": [Function],
  "findByLabelText": [Function],
  "findByPlaceholderText": [Function],
  "findByRole": [Function],
  "findByTestId": [Function],
  "findByText": [Function],
  "findByTitle": [Function],
  "getAllByAltText": [Function],
  "getAllByDisplayValue": [Function],
  "getAllByLabelText": [Function],
  "getAllByPlaceholderText": [Function],
  "getAllByRole": [Function],
  "getAllByTestId": [Function],
  "getAllByText": [Function],
  "getAllByTitle": [Function],
  "getByAltText": [Function],
  "getByDisplayValue": [Function],
  "getByLabelText": [Function],
  "getByPlaceholderText": [Function],
  "getByRole": [Function],
  "getByTestId": [Function],
  "getByText": [Function],
  "getByTitle": [Function],
  "queryAllByAltText": [Function],
  "queryAllByDisplayValue": [Function],
  "queryAllByLabelText": [Function],
  "queryAllByPlaceholderText": [Function],
  "queryAllByRole": [Function],
  "queryAllByTestId": [Function],
  "queryAllByText": [Function],
  "queryAllByTitle": [Function],
  "queryByAltText": [Function],
  "queryByDisplayValue": [Function],
  "queryByLabelText": [Function],
  "queryByPlaceholderText": [Function],
  "queryByRole": [Function],
  "queryByTestId": [Function],
  "queryByText": [Function],
  "queryByTitle": [Function],
  "rerender": [Function],
  "unmount": [Function],
}
`;
